10055203 Input active=1920x1080 colour=1920x1080 format=10 flags=5 samples=1 array=1 dimension=3
10055203 Input motion=1920x1080 format=34 flags=5 samples=1 array=1 dimension=3 depth=3840x2160 format=19 flags=2 samples=1 array=1 dimension=3
10055203 HIP runtime: C:\WINDOWS\SYSTEM32\amdhip64_7.dll
10055218 HIP candidate 0 code=0 name=AMD Radeon RX 9070 XT
10055218 HIP adapter: AMD Radeon RX 9070 XT
10056093 Initialized independent AMD pass 1
10056140 Recorded pre-SR 1920x1080 passes=1
10078359 Input active=1920x1080 colour=1920x1080 format=10 flags=5 samples=1 array=1 dimension=3
10078359 Input motion=1920x1080 format=34 flags=5 samples=1 array=1 dimension=3 depth=3840x2160 format=19 flags=2 samples=1 array=1 dimension=3
10078359 HIP runtime: C:\WINDOWS\SYSTEM32\amdhip64_7.dll
10078375 HIP candidate 0 code=0 name=AMD Radeon RX 9070 XT
10078375 HIP adapter: AMD Radeon RX 9070 XT
10079296 Initialized independent AMD pass 1
10079343 Recorded pre-SR 1920x1080 passes=1
127890 Input active=1920x1080 colour=1920x1080 format=10 flags=5 samples=1 array=1 dimension=3
127890 Input motion=1920x1080 format=34 flags=5 samples=1 array=1 dimension=3 depth=3840x2160 format=19 flags=2 samples=1 array=1 dimension=3
127906 HIP runtime: C:\WINDOWS\SYSTEM32\amdhip64_7.dll
128140 HIP candidate 0 code=0 name=AMD Radeon RX 9070 XT
128140 HIP adapter: AMD Radeon RX 9070 XT
129609 Initialized independent AMD pass 1
129656 Recorded pre-SR 1920x1080 passes=1
