[11:24:47.349709] [W] OptiScaler v10.0.0-dev (amd-presr-multipass-local) (20260907_110827) loaded
[11:24:47.349799] [W] ---------------------------------
[11:24:47.349812] [W] OptiScaler is freely downloadable from
[11:24:47.349819] [W] GitHub : https://github.com/optiscaler/OptiScaler/releases
[11:24:47.349826] [W] Nexus  : https://www.nexusmods.com/site/mods/986
[11:24:47.349832] [W] If you paid for these files, you've been scammed!
[11:24:47.349838] [W] DO NOT USE IN MULTIPLAYER GAMES
[11:24:47.349845] [I] 
[11:24:47.349854] [I] LogLevel: 2
[11:24:47.349860] [I] 
[11:24:47.349881] [I] Windows version: Windows 11 (10.0.26200)
[11:24:47.349888] [I] 
[11:24:47.349894] [I] Config parameters:
[11:24:47.349903] [I] Upscalers.Dx12Upscaler: ffx
[11:24:47.349910] [I] FrameGen.Enabled: false
[11:24:47.349916] [I] FrameGen.External: false
[11:24:47.349922] [I] DlssNr.Enabled: true
[11:24:47.349928] [I] DlssNr.RunBeforeSR: true
[11:24:47.349935] [I] DlssNr.ApplyAfterRR: false
[11:24:47.349941] [I] DlssNr.Passes: 1
[11:24:47.349947] [I] DlssNr.LocalStructure: 1
[11:24:47.349953] [I] DlssNr.LocalTone: 0
[11:24:47.349960] [I] DlssNr.SkinStructure: 1
[11:24:47.349966] [I] Log.LogToFile: true
[11:24:47.349972] [I] Log.LogLevel: 2
[11:24:47.349979] [I] 
[11:24:47.349986] [I] Setting DllPath to C:\Program Files (x86)\Steam\steamapps\common\SILENT HILL f\SHf\Binaries\Win64\OptiScaler
[11:24:47.349993] [I] 
[11:24:47.350027] [I] 
[11:24:47.350040] [W] IsRunningOnWine Wine not detected
[11:24:47.350091] [I] 
[11:24:47.350099] [I] Check for DLSS files
[11:24:47.357463] [I] Util::FindFilePath nvngx_dlss.dll found at C:\Program Files (x86)\Steam\steamapps\common\SILENT HILL f\Engine\Plugins\Marketplace\NVIDIA\DLSS\Binaries\ThirdParty\Win64\nvngx_dlss.dll
[11:24:47.365348] [I] Util::FindFilePath nvngx_dlssg.dll found at C:\Program Files (x86)\Steam\steamapps\common\SILENT HILL f\Engine\Plugins\Marketplace\NVIDIA\DLSS\Binaries\ThirdParty\Win64\nvngx_dlssg.dll
[11:24:47.365367] [I] 
[11:24:47.365859] [I] CheckQuirks Game's Exe: SHf-Win64-Shipping.exe
[11:24:47.365871] [I] CheckQuirks Game Name: SILENT HILL f
[11:24:47.365877] [I] CheckQuirks Game Version: 1.0.0.0
[11:24:47.365883] [I] CheckQuirks Game Engine: Unreal
[11:24:47.365973] [I] Quirk: Always capture FSR-FG swapchain
[11:24:47.365983] [I] 
[11:24:47.366860] [I] CheckWorkingMode OptiScaler working as dxgi.dll, system dll loaded
[11:24:47.367097] [W] Config::CheckUpscalerFiles nvngx.dll not found!
[11:24:47.369748] [I] Util::FindFilePath nvngx_dlss.dll found at C:\Program Files (x86)\Steam\steamapps\common\SILENT HILL f\Engine\Plugins\Marketplace\NVIDIA\DLSS\Binaries\ThirdParty\Win64\nvngx_dlss.dll
[11:24:47.369779] [W] Config::CheckUpscalerFiles libxess.dll not found!
[11:24:47.373428] [I] 
[11:24:47.373885] [I] Util::LoadProxyLibrary amd_fidelityfx_loader_dx12.dll loaded from Opti dll path: C:\Program Files (x86)\Steam\steamapps\common\SILENT HILL f\SHf\Binaries\Win64\OptiScaler\amd_fidelityfx_loader_dx12.dll
[11:24:47.373899] [I] FfxApiProxy::InitFfxDx12 Loaded from C:\Program Files (x86)\Steam\steamapps\common\SILENT HILL f\SHf\Binaries\Win64\OptiScaler\amd_fidelityfx_loader_dx12.dll
[11:24:47.373959] [I] 
[11:24:47.374617] [I] Util::LoadProxyLibrary amd_fidelityfx_upscaler_dx12.dll loaded from Opti dll path: C:\Program Files (x86)\Steam\steamapps\common\SILENT HILL f\SHf\Binaries\Win64\OptiScaler\amd_fidelityfx_upscaler_dx12.dll
[11:24:47.376615] [I] FfxApiProxy::InitFfxDx12_SR Loaded from C:\Program Files (x86)\Steam\steamapps\common\SILENT HILL f\SHf\Binaries\Win64\OptiScaler\amd_fidelityfx_upscaler_dx12.dll
[11:24:47.376649] [I] FfxApiProxy::InitFfxDx12_SR LoadResult: true
[11:24:47.376655] [I] 
[11:24:47.377286] [I] Util::LoadProxyLibrary amd_fidelityfx_framegeneration_dx12.dll loaded from Opti dll path: C:\Program Files (x86)\Steam\steamapps\common\SILENT HILL f\SHf\Binaries\Win64\OptiScaler\amd_fidelityfx_framegeneration_dx12.dll
[11:24:47.377299] [I] FfxApiProxy::InitFfxDx12_FG Loaded from C:\Program Files (x86)\Steam\steamapps\common\SILENT HILL f\SHf\Binaries\Win64\OptiScaler\amd_fidelityfx_framegeneration_dx12.dll
[11:24:47.377366] [I] FfxApiProxy::InitFfxDx12_FG LoadResult: true
[11:24:47.377376] [I] 
[11:24:47.377677] [W] Util::LoadProxyLibrary Can't find amd_fidelityfx_denoiser_dx12.dll, returning nullptr!
[11:24:47.377687] [I] FfxApiProxy::InitFfxDx12_Denoiser LoadResult: false
[11:24:47.377693] [I] 
[11:24:47.377940] [W] Util::LoadProxyLibrary Can't find amd_fidelityfx_radiancecache_dx12.dll, returning nullptr!
[11:24:47.377953] [I] FfxApiProxy::InitFfxDx12_Radiance LoadResult: false
[11:24:47.377959] [I] FfxApiProxy::InitFfxDx12 LoadResult: true
[11:24:47.377964] [I] 
[11:24:47.378202] [W] Util::LoadProxyLibrary Can't find amd_fidelityfx_denoiser_dx12.dll, returning nullptr!
[11:24:47.378211] [I] FfxApiProxy::InitFfxDx12_Denoiser LoadResult: false
[11:24:47.378217] [I] 
[11:24:47.378461] [W] Util::LoadProxyLibrary Can't find amd_fidelityfx_radiancecache_dx12.dll, returning nullptr!
[11:24:47.378470] [I] FfxApiProxy::InitFfxDx12_Radiance LoadResult: false
[11:24:47.382960] [I] Util::LoadProxyLibrary libxess.dll loaded from Opti dll path: C:\Program Files (x86)\Steam\steamapps\common\SILENT HILL f\SHf\Binaries\Win64\OptiScaler\libxess.dll
[11:24:47.382978] [I] XeSSProxy::InitXeSS Loaded from C:\Program Files (x86)\Steam\steamapps\common\SILENT HILL f\SHf\Binaries\Win64\OptiScaler\libxess.dll
[11:24:47.383122] [I] XeSSProxy::InitXeSS LoadResult: true
[11:24:47.383575] [I] Util::LoadProxyLibrary libxess_dx11.dll loaded from Opti dll path: C:\Program Files (x86)\Steam\steamapps\common\SILENT HILL f\SHf\Binaries\Win64\OptiScaler\libxess_dx11.dll
[11:24:47.383588] [I] XeSSProxy::InitXeSSDx11 Loaded from C:\Program Files (x86)\Steam\steamapps\common\SILENT HILL f\SHf\Binaries\Win64\OptiScaler\libxess_dx11.dll
[11:24:47.383667] [I] XeSSProxy::InitXeSSDx11 LoadResult: true
[11:24:47.385188] [I] Util::LoadProxyLibrary libxess_fg.dll loaded from Opti dll path: C:\Program Files (x86)\Steam\steamapps\common\SILENT HILL f\SHf\Binaries\Win64\OptiScaler\libxess_fg.dll
[11:24:47.385203] [I] XeFGProxy::InitXeFG Loaded from C:\Program Files (x86)\Steam\steamapps\common\SILENT HILL f\SHf\Binaries\Win64\OptiScaler\libxess_fg.dll
[11:24:47.385209] [I] 
[11:24:47.385221] [I] XeFGProxy::HookXeFG LoadResult: true
[11:24:47.385957] [I] Util::LoadProxyLibrary libxell.dll loaded from Opti dll path: C:\Program Files (x86)\Steam\steamapps\common\SILENT HILL f\SHf\Binaries\Win64\OptiScaler\libxell.dll
[11:24:47.385974] [I] XeLLProxy::InitXeLLProper Loaded from C:\Program Files (x86)\Steam\steamapps\common\SILENT HILL f\SHf\Binaries\Win64\OptiScaler\libxell.dll
[11:24:47.385981] [I] 
[11:24:47.385994] [I] XeLLProxy::HookXeLL LoadResult: true
[11:24:47.386032] [I] NVNGXProxy::InitNVNGX 
[11:24:47.386307] [W] Util::LoadProxyLibrary Can't find _nvngx.dll, returning nullptr!
[11:24:47.386558] [W] Util::LoadProxyLibrary Can't find nvngx.dll, returning nullptr!
[11:24:47.386569] [I] Util::NvngxPath trying to load nvngx from registry path!
[11:24:47.386590] [I] 
[11:24:47.386609] [I] HookFSR2ExeInputs Trying to hook FSR2 methods
[11:24:47.386681] [I] HookFSR3ExeInputs Trying to hook FSR3 methods
[11:24:47.388400] [I] 
[11:24:47.388413] [I] Init done
[11:24:47.388419] [I] ---------------------------------------------
[11:24:47.388424] [I] 
[11:24:47.399743] [I] LibraryLoadHooks::LoadLibraryCheckW Calling CreateDxgiFactory methods for overlay!
[11:24:47.415713] [I] Amdxc64Hooks::Init amdxc64.dll loaded
[11:24:48.589697] [I] `anonymous-namespace'::RunVersionCheck OptiScaler is up to date (current 10.0.0)
[11:24:49.365514] [I] Detected GPUs:
                      AMD Radeon RX 9070 XT
                          vendorId: 1002, deviceId: 7550, VRAM: 16188MB
                          dxvk: false, vkd3d-proton: false
                          Upscaler support - fsr4: fp8, dlss: false
                      Microsoft Basic Render Driver
                          vendorId: 1414, deviceId: 8C, VRAM: 0MB
                          dxvk: false, vkd3d-proton: false
                          Upscaler support - fsr4: false, dlss: false

[11:24:49.365554] [I] hkD3D12CreateDevice Adapter Desc: AMD Radeon RX 9070 XT
[11:24:49.502801] [I] hkD3D12CreateDevice Adapter Desc: Microsoft Basic Render Driver
[11:24:49.502821] [W] hkD3D12CreateDevice D3D12Device created with non-primary GPU
[11:24:51.171307] [I] hkD3D12CreateDevice Adapter Desc: AMD Radeon RX 9070 XT
[11:24:51.282998] [I] DlssNr::ExposureScan::NoteResource DLSS-NR scan near-miss #1: UAV dim 1 512x1x1 fmt 0 (filter rejected)
[11:24:51.298364] [I] LibraryLoadHooks::LoadLibraryCheckW nvapi64.dll call!
[11:24:51.298548] [I] NvApiHooks::Hook NvAPI_QueryInterface found, hooking!
[11:24:51.310625] [I] DlssNr::ExposureScan::Adopt DLSS-NR exposure scan: candidate 1 -- buffer, 16 bytes
[11:24:51.310664] [I] DlssNr::ExposureScan::Adopt DLSS-NR exposure scan: candidate 2 -- buffer, 16 bytes
[11:24:51.311265] [I] DlssNr::ExposureScan::NoteResource DLSS-NR scan near-miss #2: UAV dim 1 65536x1x1 fmt 0 (filter rejected)
[11:24:51.328378] [I] DlssNr::ExposureScan::NoteResource DLSS-NR scan near-miss #3: UAV dim 1 65536x1x1 fmt 0 (filter rejected)
[11:24:51.328407] [I] DlssNr::ExposureScan::NoteResource DLSS-NR scan near-miss #4: UAV dim 1 65536x1x1 fmt 0 (filter rejected)
[11:24:51.329843] [I] DlssNr::ExposureScan::NoteResource DLSS-NR scan near-miss #5: UAV dim 1 65536x1x1 fmt 0 (filter rejected)
[11:24:51.334198] [I] DlssNr::ExposureScan::NoteResource DLSS-NR scan near-miss #6: UAV dim 1 4096x1x1 fmt 0 (filter rejected)
[11:24:51.334222] [I] DlssNr::ExposureScan::NoteResource DLSS-NR scan near-miss #7: UAV dim 1 4096x1x1 fmt 0 (filter rejected)
[11:24:51.334245] [I] DlssNr::ExposureScan::Adopt DLSS-NR exposure scan: candidate 3 -- buffer, 4 bytes
[11:24:51.334258] [I] DlssNr::ExposureScan::Adopt DLSS-NR exposure scan: candidate 4 -- buffer, 4 bytes
[11:24:51.334270] [I] DlssNr::ExposureScan::Adopt DLSS-NR exposure scan: candidate 5 -- buffer, 4 bytes
[11:24:51.337519] [I] DlssNr::ExposureScan::NoteResource DLSS-NR scan near-miss #8: UAV dim 3 42x1x1 fmt 2 (filter rejected)
[11:24:51.338617] [I] DlssNr::ExposureScan::NoteResource DLSS-NR scan near-miss #9: UAV dim 3 42x1x1 fmt 2 (filter rejected)
[11:24:51.339417] [I] DlssNr::ExposureScan::NoteResource DLSS-NR scan near-miss #10: UAV dim 1 65536x1x1 fmt 0 (filter rejected)
[11:24:51.339437] [I] DlssNr::ExposureScan::NoteResource DLSS-NR scan near-miss #11: UAV dim 1 65536x1x1 fmt 0 (filter rejected)
[11:24:51.339447] [I] DlssNr::ExposureScan::NoteResource DLSS-NR scan near-miss #12: UAV dim 1 65536x1x1 fmt 0 (filter rejected)
[11:24:51.446592] [I] Amdxc64Hooks::hkAmdExtD3DCreateInterface IAmdExtFfxApi queried, returning custom AmdExtFfxApi
[11:24:51.447026] [W] Util::LoadProxyLibrary Can't find amdxcffx64.dll, returning nullptr!
[11:24:51.450749] [I] AmdExtFfxApi::UpdateFfxApiProvider amdxcffx64 loaded from C:\WINDOWS\System32\DriverStore\FileRepository\u0203304.inf_amd64_a6e5a337568ce3f0\B026373\amdxcffx64.dll
[11:24:51.591424] [E] UpdateFfxApiProviderEx for: SwapchainDX12, result: 0x80004002
[11:24:51.607451] [W] FGHooks::CreateSwapChainForHwnd Can't init FG Feature or invalid FGOutput setting!
[11:24:51.622587] [I] WrappedIDXGISwapChain4::WrappedIDXGISwapChain4 1 created, real: 20A1B2DD060, refCount: 2
[11:24:51.644173] [I] DlssNr::ExposureScan::NoteResource DLSS-NR scan near-miss #13: UAV dim 3 3840x2160x1 fmt 24 (filter rejected)
[11:24:51.645590] [I] DlssNr::ExposureScan::NoteResource DLSS-NR scan near-miss #14: UAV dim 3 3840x2160x1 fmt 24 (filter rejected)
[11:24:51.681095] [I] OptiInput::Initialize Initialize requested target:0x107c0 input:0x0 isUwp:0 useSubclass:1 currentPid:9660
[11:24:51.681242] [I] OptiInput::SetTargetWindow target window set hwnd:0x107c0 root:0x107c0 pid:9660 tid:9312 currentPid:9660 external:0 isUwp:0 useSubclass:1
[11:24:51.681258] [I] OptiInput::SetInputWindow input window set hwnd:0x107c0 root:0x107c0 pid:9660 tid:9312 explicitInput:0 useSubclass:1
[11:24:51.681272] [I] OptiInput::InstallWindowSubclass subclass installed hwnd:0x107c0 previousWndProc:140701760676160 optiWndProc:140725854725280
[11:24:51.681282] [I] OptiInput::InstallHooks installing Win32 input hooks currentPid:9660 targetPid:9660 inputPid:9660
[11:24:51.681426] [I] OptiInput::InstallHooks Win32 message hooks installed
[11:24:51.681459] [I] OptiInput::InstallHooks Win32 key state hooks installed
[11:24:51.681489] [I] OptiInput::InstallHooks Win32 GetMessagePos hooks installed
[11:24:51.681509] [I] OptiInput::InstallHooks Win32 clip cursor hooks installed
[11:24:51.681553] [I] OptiInput::InstallHooks Win32 message hooks installed
[11:24:51.681591] [I] OptiInput::InstallHooks Win32 HID hooks installed
[11:24:51.681616] [I] OptiInput::InstallHooks Win32 raw input hooks installed
[11:24:51.681641] [I] OptiInput::InstallHooks Win32 windows input hooks installed
[11:24:51.681662] [I] OptiInput::InstallHooks Win32 position input hooks installed
[11:24:51.681669] [I] OptiInput::Initialize Initialize completed hooksInstalled:1 target:0x107c0 targetPid:9660 input:0x107c0 inputPid:9660 externalTarget:0 subclassed:1
[11:24:51.681706] [I] OptiInput::UpdateXInputIntegrationLocked XInput hooks installed module:0x7ffd47020000 getState:1 getStateEx:1 getKeystroke:1 setState:1
[11:24:53.444958] [I] DlssNr::ExposureScan::Adopt DLSS-NR exposure scan: candidate 6 -- buffer, 84 bytes
[11:24:53.445007] [I] DlssNr::ExposureScan::Adopt DLSS-NR exposure scan: candidate 7 -- buffer, 16 bytes
[11:24:53.445020] [I] DlssNr::ExposureScan::Adopt DLSS-NR exposure scan: candidate 8 -- buffer, 16 bytes
[11:24:53.445031] [I] DlssNr::ExposureScan::Adopt DLSS-NR exposure scan: candidate 9 -- buffer, 4 bytes
[11:24:53.445042] [I] DlssNr::ExposureScan::Adopt DLSS-NR exposure scan: candidate 10 -- buffer, 4 bytes
[11:24:53.445052] [I] DlssNr::ExposureScan::NoteResource DLSS-NR scan near-miss #15: UAV dim 1 10485760x1x1 fmt 0 (filter rejected)
[11:24:53.445062] [I] DlssNr::ExposureScan::NoteResource DLSS-NR scan near-miss #16: UAV dim 1 324x1x1 fmt 0 (filter rejected)
[11:24:53.445072] [I] DlssNr::ExposureScan::NoteResource DLSS-NR scan near-miss #17: UAV dim 1 1280x1x1 fmt 0 (filter rejected)
[11:24:53.445081] [I] DlssNr::ExposureScan::NoteResource DLSS-NR scan near-miss #18: UAV dim 1 1280x1x1 fmt 0 (filter rejected)
[11:24:53.445091] [I] DlssNr::ExposureScan::Adopt DLSS-NR exposure scan: candidate 11 -- buffer, 84 bytes
[11:24:53.445105] [I] DlssNr::ExposureScan::Adopt DLSS-NR exposure scan: candidate 12 -- buffer, 16 bytes
[11:24:53.445115] [I] DlssNr::ExposureScan::Adopt DLSS-NR exposure scan: candidate 13 -- buffer, 16 bytes
[11:24:53.445124] [I] DlssNr::ExposureScan::Adopt DLSS-NR exposure scan: candidate 14 -- buffer, 4 bytes
[11:24:53.445134] [I] DlssNr::ExposureScan::Adopt DLSS-NR exposure scan: candidate 15 -- buffer, 4 bytes
[11:24:53.617589] [I] LibraryLoadHooks::LoadLibraryCheckW nvngx call: C:\Program Files (x86)\Steam\steamapps\common\SILENT HILL f\SHf\Binaries\Win64\nvngx.dll, returning this dll!
[11:24:53.617891] [I] NVSDK_NGX_UpdateFeature Update InProjectId: 138C151E4D1C9C000F2F9CAE3F118788
[11:24:53.617903] [I] NVSDK_NGX_UpdateFeature Update InEngineType: 1
[11:24:53.617909] [I] NVSDK_NGX_UpdateFeature Update InEngineVersion: 5.4
[11:24:53.669522] [I] LibraryLoadHooks::LoadLibraryCheckW nvngx call: C:\Program Files (x86)\Steam\steamapps\common\SILENT HILL f\SHf\Binaries\Win64\nvngx.dll, returning this dll!
[11:24:53.672398] [I] NVSDK_NGX_D3D12_Init_ProjectID InProjectId: 138C151E4D1C9C000F2F9CAE3F118788
[11:24:53.672413] [I] NVSDK_NGX_D3D12_Init_ProjectID InEngineType: 1
[11:24:53.672420] [I] NVSDK_NGX_D3D12_Init_ProjectID InEngineVersion: 5.4
[11:24:53.672426] [I] NVSDK_NGX_D3D12_Init_Ext AppId: 4919
[11:24:53.672433] [I] NVSDK_NGX_D3D12_Init_Ext SDK: 15
[11:24:53.672440] [I] NVSDK_NGX_D3D12_Init_Ext InApplicationDataPath C:/Users/Hikarlos/AppData/Local/SHf/Saved/Logs/NGX/NGX_2026.09.07-11.24.53_B80EAD7842BC5C4F1E241B969BDE263B
[11:24:53.686636] [I] DlssNr::ExposureScan::NoteResource DLSS-NR scan near-miss #19: UAV dim 1 65520x1x1 fmt 0 (filter rejected)
[11:24:53.686819] [I] DlssNr::ExposureScan::NoteResource DLSS-NR scan near-miss #20: UAV dim 1 65536x1x1 fmt 0 (filter rejected)
[11:24:53.686837] [I] DlssNr::ExposureScan::NoteResource DLSS-NR scan near-miss #21: UAV dim 1 65536x1x1 fmt 0 (filter rejected)
[11:24:53.688031] [I] DlssNr::ExposureScan::NoteResource DLSS-NR scan near-miss #22: UAV dim 1 196608x1x1 fmt 0 (filter rejected)
[11:24:53.688051] [I] DlssNr::ExposureScan::NoteResource DLSS-NR scan near-miss #23: UAV dim 1 65536x1x1 fmt 0 (filter rejected)
[11:24:53.688064] [I] DlssNr::ExposureScan::NoteResource DLSS-NR scan near-miss #24: UAV dim 1 65536x1x1 fmt 0 (filter rejected)
[11:24:53.688079] [I] DlssNr::ExposureScan::NoteResource DLSS-NR scan near-miss #25: UAV dim 1 65536x1x1 fmt 0 (filter rejected)
[11:24:53.688091] [I] DlssNr::ExposureScan::NoteResource DLSS-NR scan near-miss #26: UAV dim 1 65536x1x1 fmt 0 (filter rejected)
[11:24:53.688103] [I] DlssNr::ExposureScan::NoteResource DLSS-NR scan near-miss #27: UAV dim 1 65536x1x1 fmt 0 (filter rejected)
[11:24:53.760614] [I] DlssNr::ExposureScan::Adopt DLSS-NR exposure scan: candidate 16 -- buffer, 84 bytes
[11:24:53.760651] [I] DlssNr::ExposureScan::Adopt DLSS-NR exposure scan: candidate 17 -- buffer, 16 bytes
[11:24:53.760663] [I] DlssNr::ExposureScan::Adopt DLSS-NR exposure scan: candidate 18 -- buffer, 16 bytes
[11:24:53.760674] [I] DlssNr::ExposureScan::Adopt DLSS-NR exposure scan: candidate 19 -- buffer, 4 bytes
[11:24:53.760685] [I] DlssNr::ExposureScan::Adopt DLSS-NR exposure scan: candidate 20 -- buffer, 4 bytes
[11:24:53.760695] [I] DlssNr::ExposureScan::NoteResource DLSS-NR scan near-miss #28: UAV dim 1 10485760x1x1 fmt 0 (filter rejected)
[11:24:53.760707] [I] DlssNr::ExposureScan::NoteResource DLSS-NR scan near-miss #29: UAV dim 1 324x1x1 fmt 0 (filter rejected)
[11:24:53.760718] [I] DlssNr::ExposureScan::NoteResource DLSS-NR scan near-miss #30: UAV dim 1 1280x1x1 fmt 0 (filter rejected)
[11:24:53.760728] [I] DlssNr::ExposureScan::NoteResource DLSS-NR scan near-miss #31: UAV dim 1 1280x1x1 fmt 0 (filter rejected)
[11:24:53.760738] [I] DlssNr::ExposureScan::Adopt DLSS-NR exposure scan: candidate 21 -- buffer, 84 bytes
[11:24:53.760747] [I] DlssNr::ExposureScan::Adopt DLSS-NR exposure scan: candidate 22 -- buffer, 16 bytes
[11:24:53.760768] [I] DlssNr::ExposureScan::Adopt DLSS-NR exposure scan: candidate 23 -- buffer, 16 bytes
[11:24:53.760778] [I] DlssNr::ExposureScan::Adopt DLSS-NR exposure scan: candidate 24 -- buffer, 4 bytes
[11:24:53.760787] [I] DlssNr::ExposureScan::Adopt DLSS-NR exposure scan: candidate 25 -- buffer, 4 bytes
[11:24:53.854180] [I] CreateRenderTargetDx12 done!
[11:24:53.876308] [W] OptiInput::ValidateWindowSubclassLocked subclass lost input:0x107c0 currentWndProc:140724030618400 previousOriginal:140701760676160 restoredToOriginal:0
[11:24:53.876328] [W] OptiInput::ValidateWindowSubclassLocked subclass lost to another WndProc; preserving previous original to avoid recursive WndProc chain input:0x107c0 current:140724030618400 preservedOriginal:140701760676160
[11:24:53.876371] [I] OptiInput::`anonymous-namespace'::InstallDirectInputExportHookLocked DirectInput8Create hook installed module:0x7ffd25790000
[11:24:55.104846] [I] DlssNr::ExposureScan::NoteResource DLSS-NR scan near-miss #32: UAV dim 1 720896x1x1 fmt 0 (filter rejected)
[11:24:55.104884] [I] DlssNr::ExposureScan::NoteResource DLSS-NR scan near-miss #33: UAV dim 1 131072x1x1 fmt 0 (filter rejected)
[11:24:55.107759] [I] DlssNr::ExposureScan::NoteResource DLSS-NR scan near-miss #34: UAV dim 1 131072x1x1 fmt 0 (filter rejected)
[11:24:55.133178] [I] DlssNr::ExposureScan::NoteResource DLSS-NR scan near-miss #35: UAV dim 1 65520x1x1 fmt 0 (filter rejected)
[11:24:55.134954] [I] DlssNr::ExposureScan::NoteResource DLSS-NR scan near-miss #36: UAV dim 3 8192x1024x1 fmt 41 (filter rejected)
[11:24:55.167081] [I] DlssNr::ExposureScan::NoteResource DLSS-NR scan near-miss #37: UAV dim 4 1024x1024x8 fmt 61 (filter rejected)
[11:24:55.167171] [I] DlssNr::ExposureScan::NoteResource DLSS-NR scan near-miss #38: UAV dim 1 65536x1x1 fmt 0 (filter rejected)
[11:24:55.167194] [I] DlssNr::ExposureScan::NoteResource DLSS-NR scan near-miss #39: UAV dim 1 65536x1x1 fmt 0 (filter rejected)
[11:24:55.167296] [I] DlssNr::ExposureScan::NoteResource DLSS-NR scan near-miss #40: UAV dim 1 65536x1x1 fmt 0 (filter rejected)
[11:24:55.216188] [I] DlssNr::ExposureScan::Adopt DLSS-NR exposure scan: candidate 26 -- buffer, 128 bytes
[11:24:55.300273] [I] DlssNr::ExposureScan::Adopt DLSS-NR exposure scan: candidate 27 -- buffer, 16 bytes
[11:24:55.300308] [I] DlssNr::ExposureScan::Adopt DLSS-NR exposure scan: candidate 28 -- buffer, 24 bytes
[11:24:55.300355] [I] DlssNr::ExposureScan::Adopt DLSS-NR exposure scan: candidate 29 -- buffer, 4 bytes
[11:24:55.300375] [I] DlssNr::ExposureScan::Adopt DLSS-NR exposure scan: candidate 30 -- buffer, 4 bytes
[11:24:55.300387] [I] DlssNr::ExposureScan::Adopt DLSS-NR exposure scan: candidate 31 -- buffer, 4 bytes
[11:24:55.300398] [I] DlssNr::ExposureScan::Adopt DLSS-NR exposure scan: candidate 32 -- buffer, 4 bytes
[11:24:55.300420] [I] DlssNr::ExposureScan::Adopt DLSS-NR exposure scan: candidate 33 -- buffer, 4 bytes
[11:24:55.300475] [I] DlssNr::ExposureScan::Adopt DLSS-NR exposure scan: candidate 34 -- buffer, 16 bytes
[11:24:55.300504] [I] DlssNr::ExposureScan::Adopt DLSS-NR exposure scan: candidate 35 -- buffer, 4 bytes
[11:24:55.300515] [I] DlssNr::ExposureScan::Adopt DLSS-NR exposure scan: candidate 36 -- buffer, 4 bytes
[11:24:55.300531] [I] DlssNr::ExposureScan::Adopt DLSS-NR exposure scan: candidate 37 -- buffer, 4 bytes
[11:24:55.300547] [I] DlssNr::ExposureScan::Adopt DLSS-NR exposure scan: candidate 38 -- buffer, 4 bytes
[11:24:55.300571] [I] DlssNr::ExposureScan::Adopt DLSS-NR exposure scan: candidate 39 -- buffer, 4 bytes
[11:24:55.300647] [I] DlssNr::ExposureScan::Adopt DLSS-NR exposure scan: candidate 40 -- buffer, 8 bytes
[11:24:55.300675] [I] DlssNr::ExposureScan::Adopt DLSS-NR exposure scan: candidate 41 -- buffer, 52 bytes
[11:24:55.304590] [I] DlssNr::ExposureScan::Adopt DLSS-NR exposure scan: candidate 42 -- buffer, 8 bytes
[11:24:55.304616] [I] DlssNr::ExposureScan::Adopt DLSS-NR exposure scan: candidate 43 -- buffer, 4 bytes
[11:24:55.304665] [I] DlssNr::ExposureScan::Adopt DLSS-NR exposure scan: candidate 44 -- buffer, 4 bytes
[11:24:55.304677] [I] DlssNr::ExposureScan::Adopt DLSS-NR exposure scan: candidate 45 -- buffer, 4 bytes
[11:24:55.304723] [I] DlssNr::ExposureScan::Adopt DLSS-NR exposure scan: candidate 46 -- buffer, 4 bytes
[11:24:55.304765] [I] DlssNr::ExposureScan::Adopt DLSS-NR exposure scan: candidate 47 -- buffer, 4 bytes
[11:24:55.304780] [I] DlssNr::ExposureScan::Adopt DLSS-NR exposure scan: candidate 48 -- buffer, 16 bytes
[11:24:55.304797] [I] DlssNr::ExposureScan::Adopt DLSS-NR exposure scan: candidate 49 -- buffer, 16 bytes
[11:24:55.304806] [I] DlssNr::ExposureScan::Adopt DLSS-NR exposure scan: candidate 50 -- buffer, 128 bytes
[11:24:55.304914] [I] DlssNr::ExposureScan::Adopt DLSS-NR exposure scan: candidate 51 -- buffer, 52 bytes
[11:24:55.341514] [I] DlssNr::ExposureScan::Adopt DLSS-NR exposure scan: candidate 52 -- buffer, 8 bytes
[11:24:55.341548] [I] DlssNr::ExposureScan::Adopt DLSS-NR exposure scan: candidate 53 -- buffer, 4 bytes
[11:24:55.341568] [I] DlssNr::ExposureScan::Adopt DLSS-NR exposure scan: candidate 54 -- buffer, 4 bytes
[11:24:55.341583] [I] DlssNr::ExposureScan::Adopt DLSS-NR exposure scan: candidate 55 -- buffer, 4 bytes
[11:24:55.341594] [I] DlssNr::ExposureScan::Adopt DLSS-NR exposure scan: candidate 56 -- buffer, 4 bytes
[11:24:55.341602] [I] DlssNr::ExposureScan::Adopt DLSS-NR exposure scan: candidate 57 -- buffer, 64 bytes
[11:24:55.341612] [I] DlssNr::ExposureScan::Adopt DLSS-NR exposure scan: candidate 58 -- buffer, 4 bytes
[11:24:55.341624] [I] DlssNr::ExposureScan::Adopt DLSS-NR exposure scan: candidate 59 -- buffer, 64 bytes
[11:24:55.341632] [I] DlssNr::ExposureScan::Adopt DLSS-NR exposure scan: candidate 60 -- buffer, 64 bytes
[11:24:55.341647] [I] DlssNr::ExposureScan::Adopt DLSS-NR exposure scan: candidate 61 -- buffer, 4 bytes
[11:24:55.341739] [I] DlssNr::ExposureScan::Adopt DLSS-NR exposure scan: candidate 62 -- buffer, 4 bytes
[11:24:55.341754] [I] DlssNr::ExposureScan::Adopt DLSS-NR exposure scan: candidate 63 -- buffer, 16 bytes
[11:24:55.341768] [I] DlssNr::ExposureScan::Adopt DLSS-NR exposure scan: candidate 64 -- buffer, 16 bytes
[11:24:55.341779] [W] DlssNr::ExposureScan::Adopt DLSS-NR exposure scan: more than 64 candidates, so the filter is too loose here rather than the game having 64 exposures
[11:25:04.151824] [I] ffxCreateContext_Dx12 Custom context index:7912
[11:25:04.152511] [I] ffxCreateContext_Dx12 context created: 1EE8
[11:25:04.158206] [I] CreateDLSSContext renderWidth: 1920, maxWidth: 3840, ratio: 2
[11:25:04.158248] [I] TryCreateOptiFeature Creating OptiScaler feature, HandleId: 1000000
[11:25:04.158260] [I] TryCreateOptiFeature Creating FSR 3.X upscaler feature
[11:25:04.158603] [I] IFeature::SetHandle Handle: 1000000
[11:25:04.158853] [I] IFeature::SetInitParameters Init Flag AutoExposure: false
[11:25:04.158867] [I] IFeature::SetInitParameters Init Flag DepthInverted: true
[11:25:04.158873] [I] IFeature::SetInitParameters Init Flag IsHdr: true
[11:25:04.158879] [I] IFeature::SetInitParameters Init Flag JitteredMV: false
[11:25:04.158887] [I] IFeature::SetInitParameters Init Flag LowResMV: true
[11:25:04.158892] [I] IFeature::SetInitParameters Init Flag SharpenEnabled: false
[11:25:04.158901] [I] IFeature::SetInitParameters Render Resolution: 1920x1080, Display Resolution 3840x2160, Quality: 0
[11:25:04.159008] [I] FFXFeatureDx12::FFXFeatureDx12 amd_fidelityfx_dx12.dll methods loaded!
[11:25:04.159214] [I] Amdxc64Hooks::hkAmdExtD3DCreateInterface IAmdExtFfxApi queried, returning custom AmdExtFfxApi
[11:25:04.223047] [I] UpdateFfxApiProviderEx for: Upscaling, result: 0x0
[11:25:04.223092] [I] Amdxc64Hooks::hkAmdExtD3DCreateInterface IAmdExtD3DFactory queried, returning custom AmdExtD3DFactory
[11:25:04.236218] [I] AmdExtD3DFactory::CreateInterface Custom IAmdExtD3DShaderIntrinsics queried, returning custom AmdExtD3DShaderIntrinsics
[11:25:04.241364] [I] Amdxc64Hooks::hkAmdExtD3DCreateInterface IAmdExtD3DFactory queried, returning custom AmdExtD3DFactory
[11:25:04.241416] [I] AmdExtD3DFactory::CreateInterface Custom IAmdExtD3DShaderIntrinsics queried, returning custom AmdExtD3DShaderIntrinsics
[11:25:04.241428] [I] Amdxc64Hooks::hkAmdExtD3DCreateInterface IAmdExtFfxApi queried, returning custom AmdExtFfxApi
[11:25:04.241454] [I] UpdateFfxApiProviderEx for: Upscaling, result: 0x0
[11:25:04.241464] [I] Amdxc64Hooks::hkAmdExtD3DCreateInterface IAmdExtD3DFactory queried, returning custom AmdExtD3DFactory
[11:25:04.241483] [I] AmdExtD3DFactory::CreateInterface Custom IAmdExtD3DShaderIntrinsics queried, returning custom AmdExtD3DShaderIntrinsics
[11:25:04.241493] [I] Amdxc64Hooks::hkAmdExtD3DCreateInterface IAmdExtD3DFactory queried, returning custom AmdExtD3DFactory
[11:25:04.241509] [I] AmdExtD3DFactory::CreateInterface Custom IAmdExtD3DShaderIntrinsics queried, returning custom AmdExtD3DShaderIntrinsics
[11:25:04.241522] [I] Amdxc64Hooks::hkAmdExtD3DCreateInterface IAmdExtFfxApi queried, returning custom AmdExtFfxApi
[11:25:04.241543] [I] UpdateFfxApiProviderEx for: Upscaling, result: 0x0
[11:25:04.241559] [I] Amdxc64Hooks::hkAmdExtD3DCreateInterface IAmdExtD3DFactory queried, returning custom AmdExtD3DFactory
[11:25:04.241579] [I] AmdExtD3DFactory::CreateInterface Custom IAmdExtD3DShaderIntrinsics queried, returning custom AmdExtD3DShaderIntrinsics
[11:25:04.241656] [I] Amdxc64Hooks::hkAmdExtD3DCreateInterface IAmdExtD3DFactory queried, returning custom AmdExtD3DFactory
[11:25:04.241676] [I] AmdExtD3DFactory::CreateInterface Custom IAmdExtD3DShaderIntrinsics queried, returning custom AmdExtD3DShaderIntrinsics
[11:25:04.268779] [I] CreateDLSSContext context created: 1EE8
[11:25:04.269688] [I] LibraryLoadHooks::LoadLibraryCheckW dxgi.dll call, returning this dll!
