9009593 Input active=1920x1080 colour=1920x1080 format=10 flags=5 samples=1 array=1 dimension=3
9009593 Input motion=1920x1080 format=10 flags=1 samples=1 array=1 dimension=3 depth=1920x1080 format=39 flags=2 samples=1 array=1 dimension=3
9009593 HIP runtime: C:\WINDOWS\SYSTEM32\amdhip64_7.dll
9009625 HIP candidate 0 code=0 name=AMD Radeon RX 9070 XT
9009640 HIP adapter: AMD Radeon RX 9070 XT
9022843 Initialized independent AMD pass 1
9022953 Recorded pre-SR 1920x1080 passes=1
9027203 Completed AMD pre-SR passes=1 at 1920x1080
9030609 Recorded pre-SR 1920x1080 passes=1
9030656 Completed AMD pre-SR passes=1 at 1920x1080
9030703 Recorded pre-SR 1920x1080 passes=1
9030734 Completed AMD pre-SR passes=1 at 1920x1080
9039093 Completed AMD pre-SR passes=1 at 1920x1080
9118484 Completed AMD pre-SR passes=1 at 1920x1080
9276656 Input active=2560x1440 colour=2560x1440 format=10 flags=5 samples=1 array=1 dimension=3
9276656 Input motion=2560x1440 format=10 flags=1 samples=1 array=1 dimension=3 depth=2560x1440 format=19 flags=2 samples=1 array=1 dimension=3
9276687 Recorded pre-SR 2560x1440 passes=1
9340500 Input active=2560x1440 colour=2560x1440 format=10 flags=5 samples=1 array=1 dimension=3
9340500 Input motion=2560x1440 format=10 flags=1 samples=1 array=1 dimension=3 depth=2560x1440 format=19 flags=2 samples=1 array=1 dimension=3
9340500 HIP runtime: C:\WINDOWS\SYSTEM32\amdhip64_7.dll
9340515 HIP candidate 0 code=0 name=AMD Radeon RX 9070 XT
9340515 HIP adapter: AMD Radeon RX 9070 XT
9341421 Initialized independent AMD pass 1
9341468 Recorded pre-SR 2560x1440 passes=1
9341562 Completed AMD pre-SR passes=1 at 2560x1440
9341578 Recorded pre-SR 2560x1440 passes=1
9341625 Completed AMD pre-SR passes=1 at 2560x1440
9341640 Recorded pre-SR 2560x1440 passes=1
9341687 Completed AMD pre-SR passes=1 at 2560x1440
9348296 Completed AMD pre-SR passes=1 at 2560x1440
9354984 Completed AMD pre-SR passes=1 at 2560x1440
9361703 Completed AMD pre-SR passes=1 at 2560x1440
9368421 Completed AMD pre-SR passes=1 at 2560x1440
9375171 Completed AMD pre-SR passes=1 at 2560x1440
9399359 Completed AMD pre-SR passes=1 at 2560x1440
9407171 Completed AMD pre-SR passes=1 at 2560x1440
9418000 Input active=1920x1080 colour=1920x1080 format=10 flags=5 samples=1 array=1 dimension=3
9418000 Input motion=1920x1080 format=10 flags=1 samples=1 array=1 dimension=3 depth=1920x1080 format=19 flags=2 samples=1 array=1 dimension=3
9418031 Recorded pre-SR 1920x1080 passes=1
9421046 Completed AMD pre-SR passes=1 at 1920x1080
9425843 Completed AMD pre-SR passes=1 at 1920x1080
9430640 Completed AMD pre-SR passes=1 at 1920x1080
9435484 Completed AMD pre-SR passes=1 at 1920x1080
9440421 Completed AMD pre-SR passes=1 at 1920x1080
9464203 Completed AMD pre-SR passes=1 at 1920x1080
9469062 Completed AMD pre-SR passes=1 at 1920x1080
9473937 Completed AMD pre-SR passes=1 at 1920x1080
9478890 Completed AMD pre-SR passes=1 at 1920x1080
9483765 Completed AMD pre-SR passes=1 at 1920x1080
9488640 Completed AMD pre-SR passes=1 at 1920x1080
9493531 Completed AMD pre-SR passes=1 at 1920x1080
9501984 Completed AMD pre-SR passes=1 at 1920x1080
9506468 Initialized independent AMD pass 2
9508531 Completed AMD pre-SR passes=2 at 1920x1080
9516281 Completed AMD pre-SR passes=1 at 1920x1080
9521140 Completed AMD pre-SR passes=1 at 1920x1080
9525937 Completed AMD pre-SR passes=1 at 1920x1080
9582375 Input active=1280x720 colour=1280x720 format=10 flags=5 samples=1 array=1 dimension=3
9582375 Input motion=1280x720 format=34 flags=1 samples=1 array=1 dimension=3 depth=1280x720 format=19 flags=2 samples=1 array=1 dimension=3
9582406 Recorded pre-SR 1280x720 passes=1
9584453 Completed AMD pre-SR passes=1 at 1280x720
9587218 Completed AMD pre-SR passes=1 at 1280x720
9589921 Completed AMD pre-SR passes=1 at 1280x720
9592593 Completed AMD pre-SR passes=1 at 1280x720
9595296 Completed AMD pre-SR passes=1 at 1280x720
9598000 Completed AMD pre-SR passes=1 at 1280x720
9600703 Completed AMD pre-SR passes=1 at 1280x720
9603484 Completed AMD pre-SR passes=1 at 1280x720
9606171 Completed AMD pre-SR passes=1 at 1280x720
9608875 Completed AMD pre-SR passes=1 at 1280x720
9611593 Completed AMD pre-SR passes=1 at 1280x720
9614265 Completed AMD pre-SR passes=1 at 1280x720
9616968 Completed AMD pre-SR passes=1 at 1280x720
9619656 Completed AMD pre-SR passes=1 at 1280x720
9622359 Completed AMD pre-SR passes=1 at 1280x720
9625062 Completed AMD pre-SR passes=1 at 1280x720
9627781 Completed AMD pre-SR passes=1 at 1280x720
9630500 Completed AMD pre-SR passes=1 at 1280x720
9633203 Completed AMD pre-SR passes=1 at 1280x720
9635906 Completed AMD pre-SR passes=1 at 1280x720
9638593 Completed AMD pre-SR passes=1 at 1280x720
9641312 Completed AMD pre-SR passes=1 at 1280x720
9644000 Completed AMD pre-SR passes=1 at 1280x720
9646718 Completed AMD pre-SR passes=1 at 1280x720
9649484 Completed AMD pre-SR passes=1 at 1280x720
9652203 Completed AMD pre-SR passes=1 at 1280x720
9656203 Completed AMD pre-SR passes=2 at 1280x720
9660656 Completed AMD pre-SR passes=2 at 1280x720
9665125 Completed AMD pre-SR passes=2 at 1280x720
9669578 Completed AMD pre-SR passes=2 at 1280x720
9688796 Completed AMD pre-SR passes=2 at 1280x720
9693140 Completed AMD pre-SR passes=2 at 1280x720
9697484 Completed AMD pre-SR passes=2 at 1280x720
9701796 Completed AMD pre-SR passes=2 at 1280x720
9706062 Completed AMD pre-SR passes=2 at 1280x720
9710390 Completed AMD pre-SR passes=2 at 1280x720
9714671 Completed AMD pre-SR passes=2 at 1280x720
9718953 Completed AMD pre-SR passes=2 at 1280x720
9723250 Completed AMD pre-SR passes=2 at 1280x720
9727609 Completed AMD pre-SR passes=2 at 1280x720
9731984 Completed AMD pre-SR passes=2 at 1280x720
9736328 Completed AMD pre-SR passes=2 at 1280x720
9738328 Initialized independent AMD pass 3
9741375 Completed AMD pre-SR passes=1 at 1280x720
9744046 Completed AMD pre-SR passes=1 at 1280x720
9746703 Completed AMD pre-SR passes=1 at 1280x720
9749984 Completed AMD pre-SR passes=1 at 1280x720
9755437 Completed AMD pre-SR passes=1 at 1280x720
9759140 Completed AMD pre-SR passes=1 at 1280x720
9763046 Completed AMD pre-SR passes=1 at 1280x720
9766187 Completed AMD pre-SR passes=1 at 1280x720
9769312 Completed AMD pre-SR passes=1 at 1280x720
9771984 Completed AMD pre-SR passes=1 at 1280x720
9774640 Completed AMD pre-SR passes=1 at 1280x720
9798453 Input active=1506x847 colour=1506x847 format=10 flags=5 samples=1 array=1 dimension=3
9798453 Input motion=1506x847 format=34 flags=1 samples=1 array=1 dimension=3 depth=1506x847 format=19 flags=2 samples=1 array=1 dimension=3
9798484 Recorded pre-SR 1506x847 passes=1
9799296 Completed AMD pre-SR passes=1 at 1506x847
9802421 Completed AMD pre-SR passes=1 at 1506x847
9805531 Completed AMD pre-SR passes=1 at 1506x847
9808750 Completed AMD pre-SR passes=1 at 1506x847
9812000 Completed AMD pre-SR passes=1 at 1506x847
9815218 Completed AMD pre-SR passes=1 at 1506x847
9818453 Completed AMD pre-SR passes=1 at 1506x847
9821718 Completed AMD pre-SR passes=1 at 1506x847
9824937 Completed AMD pre-SR passes=1 at 1506x847
9828156 Completed AMD pre-SR passes=1 at 1506x847
9831390 Completed AMD pre-SR passes=1 at 1506x847
9834625 Completed AMD pre-SR passes=1 at 1506x847
9837875 Completed AMD pre-SR passes=1 at 1506x847
9859437 Input active=1920x1080 colour=1920x1080 format=10 flags=5 samples=1 array=1 dimension=3
9859437 Input motion=1920x1080 format=34 flags=1 samples=1 array=1 dimension=3 depth=1920x1080 format=19 flags=2 samples=1 array=1 dimension=3
9859468 Recorded pre-SR 1920x1080 passes=1
9860953 Completed AMD pre-SR passes=1 at 1920x1080
9865781 Completed AMD pre-SR passes=1 at 1920x1080
